[1m[31mERROR HttpErrorResponse {
  headers: _HttpHeaders {
    headers: Map(0) {},
    normalizedNames: Map(0) {},
    lazyInit: undefined,
    lazyUpdate: null
  },
  status: 0,
  statusText: 'Unknown Error',
  url: 'http://localhost:3000/api/v1/getHomeBlog',
  ok: false,
  type: undefined,
  redirected: undefined,
  name: 'HttpErrorResponse',
  message: 'Http failure response for http://localhost:3000/api/v1/getHomeBlog: 0 undefined',
  error: [TypeError: fetch failed] {
    [cause]: AggregateError [ECONNREFUSED]: 
        at internalConnectMultiple (node:net:1142:49)
        at afterConnectMultiple (node:net:1723:7) {
      code: 'ECONNREFUSED',
      [errors]: [Array]
    }
  }
}[39m[22m
